// Jest Snapshot v1, https://goo.gl/fbAQLP

exports[`toAnswerInlineMethod works with results array 1`] = `
{
  "inline_query_id": "q",
  "method": "answerInlineQuery",
  "results": [
    {
      "audio_url": "foo://bar",
      "id": "audio-id",
      "title": "baz",
      "type": "audio",
    },
    {
      "id": "1",
      "photo_url": "photo URL",
      "thumb_url": "thumb URL",
      "type": "photo",
    },
    {
      "id": "2",
      "latitude": 123,
      "longitude": 456,
      "title": "home",
      "type": "location",
    },
    {
      "id": "3",
      "input_message_content": {},
      "title": "article title",
      "type": "article",
    },
  ],
}
`;
